// Jest Snapshot v1, https://goo.gl/fbAQLP

exports[`Error.vue renders message when passed 1`] = `
<b-jumbotron-stub header="Error ðŸ˜¢" headerlevel="3" headertag="h1" lead="Something bad has happened" leadtag="p" tag="div"><pre class="error-message">This is an error</pre> <br>
  <b-button-stub tag="button" target="_self" type="button" variant="danger" onclick="window.location.reload()">
    Try to Reload App
  </b-button-stub>
</b-jumbotron-stub>
`;
