// Jest Snapshot v1, https://goo.gl/fbAQLP

exports[`Feedback.vue shows event data 1`] = `
<div>
  <!---->
  <b-card-stub bodytag="div" bordervariant="primary" footertag="div" headerbgvariant="primary" headertag="div" headertextvariant="white" subtitletag="h6" subtitletextvariant="muted" tag="div" titletag="h4">
    <h2 slot="header" class="text-truncate">
      Lemons (Fake event (current))
    </h2>
    <div class="card-body">
      <h3>Please provide your feedback, click on a face</h3><br>
      <div class="facegroup">
        <face-stub number="1"></face-stub>
        <face-stub number="2"></face-stub>
        <face-stub number="3"></face-stub>
        <face-stub number="4"></face-stub>
        <face-stub number="5"></face-stub>
      </div>
      <!---->
      <div>
        <b-form-textarea-stub value="" debounce="0" formatter="[Function]" placeholder="Any comments (optional)" noresize="true" rows="2" wrap="soft" class="commentbox"></b-form-textarea-stub>
        <!---->
      </div>
      <!---->
    </div>
    <b-modal-stub canceltitle="Cancel" cancelvariant="secondary" centered="true" headerbgvariant="success" headerclosecontent="&amp;times;" headercloselabel="Close" hideheaderclose="true" okonly="true" oktitle="All Done" okvariant="primary" size="md" title="Feedback Received" titletag="h5">
      <div class="d-block text-center">
        <h3>Thanks for submitting your feedback! ðŸ˜Š</h3>
      </div>
    </b-modal-stub>
  </b-card-stub>
  <b-modal-stub canceltitle="Cancel" cancelvariant="secondary" centered="true" headerbgvariant="warning" headerclosecontent="&amp;times;" headercloselabel="Close" headertextvariant="light" hideheaderclose="true" okonly="true" oktitle="Oh yes, I forgot" okvariant="primary" size="md" title="Hey! You're keen..." titletag="h5">
    <div class="d-block text-center">
      <h3>You've already given feedback for this topic, sorry!</h3>
    </div>
  </b-modal-stub>
</div>
`;
